translate_markets.js(4,22): error TS1005: ',' expected.
translate_markets.js(23,33): error TS1005: ',' expected.
translate_markets.js(23,40): error TS1005: ',' expected.
translate_markets.js(23,46): error TS1127: Invalid character.
translate_markets.js(23,48): error TS1005: ',' expected.
translate_markets.js(23,52): error TS1005: ',' expected.
translate_markets.js(23,55): error TS1127: Invalid character.
translate_markets.js(23,57): error TS1005: ',' expected.
translate_markets.js(23,60): error TS1005: ',' expected.
translate_markets.js(23,67): error TS1005: ',' expected.
translate_markets.js(23,70): error TS8012: Parameter modifiers can only be used in TypeScript files.
translate_markets.js(23,77): error TS1127: Invalid character.
translate_markets.js(23,79): error TS1005: ',' expected.
translate_markets.js(23,91): error TS1005: ',' expected.
translate_markets.js(23,100): error TS1005: '=>' expected.
translate_markets.js(23,103): error TS1128: Declaration or statement expected.
translate_markets.js(34,1): error TS1128: Declaration or statement expected.
